---
http_interactions:
- request:
    method: post
    uri: https://api.wikimedia.org/service/lw/inference/v1/models/enwiki-articlequality:predict
    body:
      encoding: UTF-8
      string: '{"rev_id":398357283}'
    headers:
      Content-Type:
      - application/json
      Authorization:
      - 'Authorization: Bearer eyJ0eXAiOiJKV1QiLCJhbGciOiJSUzI1NiJ9.eyJhdWQiOiJlN2JjYTYzZmJjMjBjMWJjNzdhNWQxZDM0N2JhNmQ1NiIsImp0aSI6IjdhZDU5MWYxNDJiOTdhNzhkNzk0MjdlNDY2NTQwYTkxMGQ2MzU3YmNkM2Y5MWVmMDNhOTVkNmRjNWM3M2IwODQ5NGJiZWViN2RjYmQxNTgyIiwiaWF0IjoxNjkzOTM4MTE4LjE3NzI4NSwibmJmIjoxNjkzOTM4MTE4LjE3NzI4OCwiZXhwIjozMzI1MDg0NjkxOC4xNzIwNiwic3ViIjoiMzE4NzgwNTkiLCJpc3MiOiJodHRwczovL21ldGEud2lraW1lZGlhLm9yZyIsInJhdGVsaW1pdCI6eyJyZXF1ZXN0c19wZXJfdW5pdCI6MTUwMDAwLCJ1bml0IjoiSE9VUiJ9LCJzY29wZXMiOlsiYmFzaWMiLCJoaWdodm9sdW1lIl19.Qc8kk05WHufF8Xg6ZEIk87E5cqMjFcSEGcEfhAPQT31Uaiv067f0x0jW78l6xAV3cjNqqUdear83L1l3uGmkiJX0_uPEWMgG3gwpsqq4P14F4kAmMrDvHxxjXoXZ1IZOpaVpHJWxQ-9AlzBK35e9kcwVsTlo98laCb4xUuUkYRxuiCPKOxRMMKMwRzuz5uGo18mGCNfLe36eQVYkdP_t3WmBuP_1425jxYYuhyMpXDoGKHJqbHeUdFzDd4FpJyWa_77hYqYSBtf_f_UJ9S94BP3teErDSiqFr2AH_pWJXKinI5zZYZAjysS2vrPfePHJnyamm9RFp8QV_xBZQX1yKHzsb79s5ICz8YmZF_edTkYPxe9HE0RQNeOXAAZDPDsRzbDJqIdrR-vFP00muSPuE1jgjBI5d5uAEGM2wJ10ZVflmhrZOO7gfmSg7IpFZHuOpf9POgeMzQdAZCvJPY_kO5FKAoxQuV-ljgTljb-7hl078Qp7qtfZAPx66RLStTXKTBYvabCQg4epWPZ-7JGCdiVlypdiv858tRcy_VDTWxcHhYWkdrD5cGrmApuDRFek5eW_YA4oloB_6nZX35nrppfs6cKkomlVC_NQI1LEmgVZuKpg1GrsWs-Uy-6ao9HkjZAqcXvMMXOs7zVXhSe55RBnUGKwrx96UDeFIVCbncQ'
      User-Agent:
      - Faraday v0.17.6
      Accept-Encoding:
      - gzip;q=1.0,deflate;q=0.6,identity;q=0.3
      Accept:
      - "*/*"
  response:
    status:
      code: 400
      message: Bad Request
    headers:
      Content-Length:
      - '103'
      Content-Type:
      - application/json
      Date:
      - Tue, 28 Nov 2023 18:07:34 GMT
      Server:
      - envoy
      Cache-Control:
      - no-cache
      X-Ratelimit-Limit:
      - 150000, 150000;w=3600
      X-Ratelimit-Remaining:
      - '149995'
      X-Ratelimit-Reset:
      - '3146'
      Age:
      - '0'
      X-Cache:
      - cp4041 pass, cp4041 pass
      X-Cache-Status:
      - pass
      Server-Timing:
      - cache;desc="pass", host;desc="cp4041"
      Strict-Transport-Security:
      - max-age=106384710; includeSubDomains; preload
      Report-To:
      - '{ "group": "wm_nel", "max_age": 604800, "endpoints": [{ "url": "https://intake-logging.wikimedia.org/v1/events?stream=w3c.reportingapi.network_error&schema_uri=/w3c/reportingapi/network_error/1.0.0"
        }] }'
      Nel:
      - '{ "report_to": "wm_nel", "max_age": 604800, "failure_fraction": 0.05, "success_fraction":
        0.0}'
      X-Client-Ip:
      - 67.170.51.150
    body:
      encoding: UTF-8
      string: '{"error":"Missing resource for rev-id 398357283: TextDeleted: Text
        deleted (datasource.revision.text)"}'
  recorded_at: Tue, 28 Nov 2023 18:07:34 GMT
- request:
    method: post
    uri: https://api.wikimedia.org/service/lw/inference/v1/models/enwiki-articlequality:predict
    body:
      encoding: UTF-8
      string: '{"rev_id":641962088}'
    headers:
      Content-Type:
      - application/json
      Authorization:
      - 'Authorization: Bearer eyJ0eXAiOiJKV1QiLCJhbGciOiJSUzI1NiJ9.eyJhdWQiOiJlN2JjYTYzZmJjMjBjMWJjNzdhNWQxZDM0N2JhNmQ1NiIsImp0aSI6IjdhZDU5MWYxNDJiOTdhNzhkNzk0MjdlNDY2NTQwYTkxMGQ2MzU3YmNkM2Y5MWVmMDNhOTVkNmRjNWM3M2IwODQ5NGJiZWViN2RjYmQxNTgyIiwiaWF0IjoxNjkzOTM4MTE4LjE3NzI4NSwibmJmIjoxNjkzOTM4MTE4LjE3NzI4OCwiZXhwIjozMzI1MDg0NjkxOC4xNzIwNiwic3ViIjoiMzE4NzgwNTkiLCJpc3MiOiJodHRwczovL21ldGEud2lraW1lZGlhLm9yZyIsInJhdGVsaW1pdCI6eyJyZXF1ZXN0c19wZXJfdW5pdCI6MTUwMDAwLCJ1bml0IjoiSE9VUiJ9LCJzY29wZXMiOlsiYmFzaWMiLCJoaWdodm9sdW1lIl19.Qc8kk05WHufF8Xg6ZEIk87E5cqMjFcSEGcEfhAPQT31Uaiv067f0x0jW78l6xAV3cjNqqUdear83L1l3uGmkiJX0_uPEWMgG3gwpsqq4P14F4kAmMrDvHxxjXoXZ1IZOpaVpHJWxQ-9AlzBK35e9kcwVsTlo98laCb4xUuUkYRxuiCPKOxRMMKMwRzuz5uGo18mGCNfLe36eQVYkdP_t3WmBuP_1425jxYYuhyMpXDoGKHJqbHeUdFzDd4FpJyWa_77hYqYSBtf_f_UJ9S94BP3teErDSiqFr2AH_pWJXKinI5zZYZAjysS2vrPfePHJnyamm9RFp8QV_xBZQX1yKHzsb79s5ICz8YmZF_edTkYPxe9HE0RQNeOXAAZDPDsRzbDJqIdrR-vFP00muSPuE1jgjBI5d5uAEGM2wJ10ZVflmhrZOO7gfmSg7IpFZHuOpf9POgeMzQdAZCvJPY_kO5FKAoxQuV-ljgTljb-7hl078Qp7qtfZAPx66RLStTXKTBYvabCQg4epWPZ-7JGCdiVlypdiv858tRcy_VDTWxcHhYWkdrD5cGrmApuDRFek5eW_YA4oloB_6nZX35nrppfs6cKkomlVC_NQI1LEmgVZuKpg1GrsWs-Uy-6ao9HkjZAqcXvMMXOs7zVXhSe55RBnUGKwrx96UDeFIVCbncQ'
      User-Agent:
      - Faraday v0.17.6
      Accept-Encoding:
      - gzip;q=1.0,deflate;q=0.6,identity;q=0.3
      Accept:
      - "*/*"
  response:
    status:
      code: 200
      message: OK
    headers:
      Content-Length:
      - '304'
      Content-Type:
      - application/json
      Date:
      - Tue, 28 Nov 2023 18:07:33 GMT
      Server:
      - envoy
      Cache-Control:
      - no-cache
      X-Ratelimit-Limit:
      - 150000, 150000;w=3600
      X-Ratelimit-Remaining:
      - '149994'
      X-Ratelimit-Reset:
      - '3146'
      Age:
      - '1'
      X-Cache:
      - cp4041 pass, cp4041 pass
      X-Cache-Status:
      - pass
      Server-Timing:
      - cache;desc="pass", host;desc="cp4041"
      Strict-Transport-Security:
      - max-age=106384710; includeSubDomains; preload
      Report-To:
      - '{ "group": "wm_nel", "max_age": 604800, "endpoints": [{ "url": "https://intake-logging.wikimedia.org/v1/events?stream=w3c.reportingapi.network_error&schema_uri=/w3c/reportingapi/network_error/1.0.0"
        }] }'
      Nel:
      - '{ "report_to": "wm_nel", "max_age": 604800, "failure_fraction": 0.05, "success_fraction":
        0.0}'
      X-Client-Ip:
      - 67.170.51.150
      Accept-Ranges:
      - bytes
    body:
      encoding: UTF-8
      string: '{"enwiki":{"models":{"articlequality":{"version":"0.9.2"}},"scores":{"641962088":{"articlequality":{"score":{"prediction":"Stub","probability":{"B":0.05346747947031159,"C":0.03566589837597718,"FA":0.0029837211689327093,"GA":0.005891859964515517,"Start":0.2826812730433699,"Stub":0.6193097679768931}}}}}}}'
  recorded_at: Tue, 28 Nov 2023 18:07:34 GMT
recorded_with: VCR 6.1.0
